// Vitest Snapshot v1, https://vitest.dev/guide/snapshot.html

exports[`L2 — 드로우 콜 트레이스 스냅샷 > 시스템 5종의 트레이스 해시가 기록과 일치한다 1`] = `
{
  "flowfield": {
    "hash": "746dcdc00e93e167f172179856b32075",
    "key": "2026-03-01 00:03",
  },
  "interference": {
    "hash": "1edf29115eaf85da35e0b0ec5e23359e",
    "key": "2026-03-01 00:02",
  },
  "packing": {
    "hash": "b288aafc90ab3991564f0efcdf7eb69e",
    "key": "2026-03-01 00:04",
  },
  "subdivision": {
    "hash": "61073ea340c17c10f5f69ed1f5bade4c",
    "key": "2026-03-01 00:00",
  },
  "truchet": {
    "hash": "d47988b7b6cb6a92511dba38bff341dc",
    "key": "2026-03-01 00:09",
  },
}
`;
